// Jest Snapshot v1, https://goo.gl/fbAQLP

exports[`EditPassword Component Should render 1`] = `
<EditPassword
  editPasswordRef={
    Object {
      "current": <form
        class="editpasswordForm"
        novalidate=""
      >
        <div
          class="form-row"
        >
          <div
            class="col mb-3"
          >
            <div
              class=""
            >
              <label
                class="labeltext"
              >
                Old Password
              </label>
              <div
                class="input-group-prepend"
              >
                <input
                  aria-describedby="inputGroupPrepend"
                  class="form-control"
                  id="editValidationOldPassword"
                  minlength="5"
                  required=""
                  type="password"
                  value="oldPassword"
                />
                <div
                  class="invalid-feedback"
                >
                  Password should have minimum 5 characters.
                </div>
              </div>
            </div>
          </div>
        </div>
        <div
          class="form-row"
        >
          <div
            class="col mb-3"
          >
            <div
              class=""
            >
              <label
                class="labeltext"
              >
                New Password
              </label>
              <div
                class="input-group-prepend"
              >
                <input
                  aria-describedby="inputGroupPrepend"
                  class="form-control"
                  id="editValidationPassword"
                  minlength="5"
                  required=""
                  type="password"
                  value="password"
                />
                <div
                  class="invalid-feedback"
                >
                  Password should have minimum 5 characters.
                </div>
              </div>
            </div>
          </div>
        </div>
        <div
          class="form-row"
        >
          <div
            class="col mb-3"
          >
            <div
              class=""
            >
              <label
                class="labeltext"
              >
                Confirm Password
              </label>
              <div
                class="input-group-prepend"
              >
                <input
                  aria-describedby="inputGroupPrepend"
                  class="form-control"
                  id="editValidationRepeatPassword"
                  minlength="5"
                  required=""
                  type="password"
                  value="repeatPassword"
                />
                <div
                  class="invalid-feedback"
                >
                  Passwords should match.
                </div>
              </div>
            </div>
          </div>
        </div>
        <div
          class="form-row"
        >
          <div
            class="col-12 text-center"
          >
            <button
              class="btn btn-success"
              type="submit"
            >
              Save Changes
            </button>
          </div>
        </div>
      </form>,
    }
  }
  handleEditPassword={[Function]}
  oldPassword="oldPassword"
  onInputChange={[Function]}
  password="password"
  repeatPassword="repeatPassword"
  userDetails={
    Object {
      "avatar": "",
      "college": "",
      "country": "IN",
      "current_level": 1,
      "current_stars": 1,
      "email": "",
      "errorMessage": "",
      "fullName": "",
      "isAuthenticationOpen": true,
      "isFirstLogin": true,
      "isLoggedIn": false,
      "isLoginLoading": false,
      "isNotificationPresent": false,
      "isSocketPresent": false,
      "isStoryModeModalOpen": false,
      "isUserProfileModalOpen": false,
      "notification": "",
      "ratings": Array [],
      "socketMessage": "",
      "storyModeModalLevel": 0,
      "userId": 0,
      "userType": "STUDENT",
      "username": "",
    }
  }
>
  <div
    className="col-5"
  >
    <Row
      bsClass="row"
      className="mb-3"
      componentClass="div"
    >
      <div
        className="mb-3 row"
      >
        <div
          className="col-sm-12"
        >
          <div
            className="text-dark"
            style={
              Object {
                "marginBottom": "5%",
                "marginLeft": "-1px",
                "textAlign": "center",
              }
            }
          >
            User Credentials
          </div>
          <form
            className="editpasswordForm"
            noValidate={true}
            onSubmit={[Function]}
          >
            <div
              className="form-row"
            >
              <div
                className="col mb-3"
              >
                <div
                  className=""
                >
                  <label
                    className="labeltext"
                  >
                    Old Password
                  </label>
                  <div
                    className="input-group-prepend"
                  >
                    <input
                      aria-describedby="inputGroupPrepend"
                      className="form-control"
                      id="editValidationOldPassword"
                      minLength={5}
                      onChange={[Function]}
                      required={true}
                      type="password"
                      value="oldPassword"
                    />
                    <div
                      className="invalid-feedback"
                    >
                      Password should have minimum 5 characters.
                    </div>
                  </div>
                </div>
              </div>
            </div>
            <div
              className="form-row"
            >
              <div
                className="col mb-3"
              >
                <div
                  className=""
                >
                  <label
                    className="labeltext"
                  >
                    New Password
                  </label>
                  <div
                    className="input-group-prepend"
                  >
                    <input
                      aria-describedby="inputGroupPrepend"
                      className="form-control"
                      id="editValidationPassword"
                      minLength={5}
                      onChange={[Function]}
                      required={true}
                      type="password"
                      value="password"
                    />
                    <div
                      className="invalid-feedback"
                    >
                      Password should have minimum 5 characters.
                    </div>
                  </div>
                </div>
              </div>
            </div>
            <div
              className="form-row"
            >
              <div
                className="col mb-3"
              >
                <div
                  className=""
                >
                  <label
                    className="labeltext"
                  >
                    Confirm Password
                  </label>
                  <div
                    className="input-group-prepend"
                  >
                    <input
                      aria-describedby="inputGroupPrepend"
                      className="form-control"
                      id="editValidationRepeatPassword"
                      minLength={5}
                      onChange={[Function]}
                      required={true}
                      type="password"
                      value="repeatPassword"
                    />
                    <div
                      className="invalid-feedback"
                    >
                      Passwords should match.
                    </div>
                  </div>
                </div>
              </div>
            </div>
            <div
              className="form-row"
            >
              <div
                className="col-12 text-center"
              >
                <button
                  className="btn btn-success"
                  type="submit"
                >
                  Save Changes
                </button>
              </div>
            </div>
          </form>
        </div>
      </div>
    </Row>
  </div>
</EditPassword>
`;
