// Jest Snapshot v1, https://goo.gl/fbAQLP

exports[`MatchElement Component Should render 1`] = `
<MatchElement
  currentUserMatch={false}
  getGameLogs={[Function]}
  index={1}
  match={
    Object {
      "avatar1": "BABOON",
      "avatar2": "BEAR",
      "games": Array [],
      "playedAt": "date string",
      "score1": 1,
      "score2": 5,
      "username1": "user1",
      "username2": "user2",
      "verdict": "1",
    }
  }
  type="TOP_MATCHES"
>
  <Col
    bsClass="col"
    className="mb-1"
    componentClass="div"
    onMouseEnter={[Function]}
    onMouseLeave={[Function]}
    sm={12}
    style={
      Object {
        "borderRadius": 5,
      }
    }
  >
    <div
      className="mb-1 col-sm-12"
      onMouseEnter={[Function]}
      onMouseLeave={[Function]}
      style={
        Object {
          "borderRadius": 5,
        }
      }
    >
      <div
        className="w-100"
      >
        <Row
          bsClass="row"
          className="d-flex justify-content-around "
          componentClass="div"
        >
          <div
            className="d-flex justify-content-around  row"
          >
            <Col
              bsClass="col"
              componentClass="div"
              sm={5}
              style={
                Object {
                  "textAlign": "center",
                }
              }
            >
              <div
                className="col-sm-5"
                style={
                  Object {
                    "textAlign": "center",
                  }
                }
              >
                <p
                  style={
                    Object {
                      "fontSize": 13,
                      "margin": 0,
                    }
                  }
                >
                  user1
                </p>
              </div>
            </Col>
            <Col
              bsClass="col"
              componentClass="div"
              sm={2}
              style={
                Object {
                  "textAlign": "center",
                }
              }
            >
              <div
                className="col-sm-2"
                style={
                  Object {
                    "textAlign": "center",
                  }
                }
              >
                <FontAwesomeIcon
                  border={false}
                  className=""
                  fixedWidth={false}
                  flip={null}
                  icon={
                    Object {
                      "icon": Array [
                        512,
                        512,
                        Array [],
                        "f3ed",
                        "M496 128c0 221.282-135.934 344.645-221.539 380.308a48 48 0 0 1-36.923 0C130.495 463.713 16 326.487 16 128a48 48 0 0 1 29.539-44.308l192-80a48 48 0 0 1 36.923 0l192 80A48 48 0 0 1 496 128zM256 446.313l.066.034c93.735-46.689 172.497-156.308 175.817-307.729L256 65.333v380.98z",
                      ],
                      "iconName": "shield-alt",
                      "prefix": "fas",
                    }
                  }
                  inverse={false}
                  listItem={false}
                  mask={null}
                  pull={null}
                  pulse={false}
                  rotation={null}
                  size={null}
                  spin={false}
                  symbol={false}
                  title=""
                  transform={null}
                >
                  <svg
                    aria-hidden="true"
                    className="svg-inline--fa fa-shield-alt fa-w-16 "
                    data-icon="shield-alt"
                    data-prefix="fas"
                    role="img"
                    style={Object {}}
                    viewBox="0 0 512 512"
                    xmlns="http://www.w3.org/2000/svg"
                  >
                    <path
                      d="M496 128c0 221.282-135.934 344.645-221.539 380.308a48 48 0 0 1-36.923 0C130.495 463.713 16 326.487 16 128a48 48 0 0 1 29.539-44.308l192-80a48 48 0 0 1 36.923 0l192 80A48 48 0 0 1 496 128zM256 446.313l.066.034c93.735-46.689 172.497-156.308 175.817-307.729L256 65.333v380.98z"
                      fill="currentColor"
                      style={Object {}}
                    />
                  </svg>
                </FontAwesomeIcon>
              </div>
            </Col>
            <Col
              bsClass="col"
              componentClass="div"
              sm={5}
              style={
                Object {
                  "textAlign": "center",
                }
              }
            >
              <div
                className="col-sm-5"
                style={
                  Object {
                    "textAlign": "center",
                  }
                }
              >
                <p
                  style={
                    Object {
                      "fontSize": 13,
                      "margin": 0,
                    }
                  }
                >
                  user2
                </p>
              </div>
            </Col>
          </div>
        </Row>
        <div
          className=" d-flex justify-content-center w-100"
        >
          <img
            height={50}
            width={50}
          />
          <span
            className="text-capitalize text-font-weight-bold  h3 mx-3"
          >
            1
             - 
            5
          </span>
          <img
            height={50}
            width={50}
          />
        </div>
        <div
          className="d-flex"
          style={
            Object {
              "padding": 10,
            }
          }
        />
        <div
          className="d-flex justify-content-around "
        />
      </div>
    </div>
  </Col>
</MatchElement>
`;
