// Jest Snapshot v1, https://goo.gl/fbAQLP

exports[`Login Container Should render 1`] = `
<Login
  errorMessage=""
  forgotPassword={[Function]}
  handleSelectPanel={[Function]}
  isLoggedIn={false}
  isLoginLoading={false}
  login={[Function]}
  updateErrorMessage={[Function]}
/>
`;
