// Jest Snapshot v1, https://goo.gl/fbAQLP

exports[`Register Container Should render 1`] = `
<Register
  checkEmailExists={[Function]}
  errorMessage=""
  handleSelectPanel={[Function]}
  isLoggedIn={false}
  register={[Function]}
  updateErrorMessage={[Function]}
/>
`;
