// Jest Snapshot v1, https://goo.gl/fbAQLP

exports[`CodeStatus Container Should render 1`] = `
<CodeStatus
  commit={[Function]}
  currentCommitHash="latest"
  currentState="Idle"
  getCommitLog={[Function]}
  isCodeSaved={true}
  lastSaveTime={1970-01-01T00:00:00.000Z}
  width={250}
/>
`;
