// Jest Snapshot v1, https://goo.gl/fbAQLP

exports[`EditorSettings Container Should render EditorSettings 1`] = `
<Connect(EditorSettings)>
  <EditorSettings
    changeFontSize={[Function]}
    changeKeyboardHandler={[Function]}
    changeTheme={[Function]}
    enableBasicAutoCompletion={true}
    enableSnippets={true}
    fontSize={16}
    keyboardHandler="default"
    theme="solarized_light"
    toggleBasicAutoCompletion={[Function]}
    toggleSnippets={[Function]}
  >
    <Grid
      bsClass="container"
      className=""
      componentClass="div"
      fluid={true}
    >
      <div
        className="container-fluid"
      >
        <Row
          bsClass="row"
          className="justify-content-between py-2 pl-3"
          componentClass="div"
        >
          <div
            className="justify-content-between py-2 pl-3 row"
          >
            <Col
              bsClass="col"
              className="text-light font-weight-bold my-auto"
              componentClass="div"
            >
              <div
                className="text-light font-weight-bold my-auto"
              >
                SETTINGS
              </div>
            </Col>
          </div>
        </Row>
        <Row
          bsClass="row"
          componentClass="div"
        >
          <div
            className="row"
          >
            <Col
              bsClass="col"
              className="mb-1"
              componentClass="div"
              sm={12}
            >
              <div
                className="mb-1 col-sm-12"
              >
                <div
                  className="font-weight-bold py-1"
                >
                  Font Size
                </div>
                <FormGroup
                  bsClass="form-group"
                  controlId="fontSize"
                >
                  <div
                    className="form-group"
                  >
                    <select
                      className="form-control font-size-control"
                      onChange={[Function]}
                      value={16}
                    >
                      <option
                        key="8"
                        value={8}
                      >
                        8
                      </option>
                      <option
                        key="10"
                        value={10}
                      >
                        10
                      </option>
                      <option
                        key="12"
                        value={12}
                      >
                        12
                      </option>
                      <option
                        key="14"
                        value={14}
                      >
                        14
                      </option>
                      <option
                        key="16"
                        value={16}
                      >
                        16
                      </option>
                      <option
                        key="18"
                        value={18}
                      >
                        18
                      </option>
                      <option
                        key="20"
                        value={20}
                      >
                        20
                      </option>
                      <option
                        key="22"
                        value={22}
                      >
                        22
                      </option>
                      <option
                        key="24"
                        value={24}
                      >
                        24
                      </option>
                      <option
                        key="26"
                        value={26}
                      >
                        26
                      </option>
                      <option
                        key="28"
                        value={28}
                      >
                        28
                      </option>
                      <option
                        key="30"
                        value={30}
                      >
                        30
                      </option>
                      <option
                        key="32"
                        value={32}
                      >
                        32
                      </option>
                      <option
                        key="34"
                        value={34}
                      >
                        34
                      </option>
                      <option
                        key="36"
                        value={36}
                      >
                        36
                      </option>
                      <option
                        key="38"
                        value={38}
                      >
                        38
                      </option>
                      <option
                        key="40"
                        value={40}
                      >
                        40
                      </option>
                    </select>
                  </div>
                </FormGroup>
              </div>
            </Col>
            <Col
              bsClass="col"
              className="mb-1"
              componentClass="div"
              sm={12}
            >
              <div
                className="mb-1 col-sm-12"
              >
                <div
                  className="font-weight-bold py-1"
                >
                  Editor Theme
                </div>
                <FormGroup
                  bsClass="form-group"
                  controlId="theme"
                >
                  <div
                    className="form-group"
                  >
                    <select
                      className="form-control theme-control"
                      onChange={[Function]}
                      value="solarized_light"
                    >
                      <option
                        key="monokai"
                        value="monokai"
                      >
                        monokai
                      </option>
                      <option
                        key="github"
                        value="github"
                      >
                        github
                      </option>
                      <option
                        key="tomorrow"
                        value="tomorrow"
                      >
                        tomorrow
                      </option>
                      <option
                        key="kuroir"
                        value="kuroir"
                      >
                        kuroir
                      </option>
                      <option
                        key="twilight"
                        value="twilight"
                      >
                        twilight
                      </option>
                      <option
                        key="xcode"
                        value="xcode"
                      >
                        xcode
                      </option>
                      <option
                        key="textmate"
                        value="textmate"
                      >
                        textmate
                      </option>
                      <option
                        key="solarized_dark"
                        value="solarized_dark"
                      >
                        solarized_dark
                      </option>
                      <option
                        key="solarized_light"
                        value="solarized_light"
                      >
                        solarized_light
                      </option>
                      <option
                        key="terminal"
                        value="terminal"
                      >
                        terminal
                      </option>
                      <option
                        key="chaos"
                        value="chaos"
                      >
                        chaos
                      </option>
                      <option
                        key="chrome"
                        value="chrome"
                      >
                        chrome
                      </option>
                      <option
                        key="eclipse"
                        value="eclipse"
                      >
                        eclipse
                      </option>
                      <option
                        key="dracula"
                        value="dracula"
                      >
                        dracula
                      </option>
                    </select>
                  </div>
                </FormGroup>
              </div>
            </Col>
            <Col
              bsClass="col"
              className="mb-1"
              componentClass="div"
              sm={12}
            >
              <div
                className="mb-1 col-sm-12"
              >
                <div
                  className="font-weight-bold py-1"
                >
                  Editor Keybinding
                </div>
                <FormGroup
                  bsClass="form-group"
                  controlId="keyboardHandler"
                >
                  <div
                    className="form-group"
                  >
                    <select
                      className="form-control keyboardHandler-control"
                      onChange={[Function]}
                      value="default"
                    >
                      <option
                        key="emacs"
                        value="emacs"
                      >
                        emacs
                      </option>
                      <option
                        key="vim"
                        value="vim"
                      >
                        vim
                      </option>
                      <option
                        key="default"
                        value="default"
                      >
                        default
                      </option>
                    </select>
                  </div>
                </FormGroup>
              </div>
            </Col>
            <Col
              bsClass="col"
              className="mb-1"
              componentClass="div"
              sm={12}
            >
              <div
                className="mb-1 col-sm-12"
              >
                <div
                  className="font-weight-bold py-1"
                >
                  Basic Auto Completion
                </div>
                <FormGroup
                  bsClass="form-group"
                  controlId="autoCompletion"
                >
                  <div
                    className="form-group"
                  >
                    <select
                      className="form-control auto-complete-control"
                      onChange={[Function]}
                      value="enabled"
                    >
                      <option
                        key="enabled"
                        value="enabled"
                      >
                        Enabled
                      </option>
                      <option
                        key="disabled"
                        value="disabled"
                      >
                        Disabled
                      </option>
                    </select>
                  </div>
                </FormGroup>
              </div>
            </Col>
            <Col
              bsClass="col"
              className="mb-1"
              componentClass="div"
              sm={12}
            >
              <div
                className="mb-1 col-sm-12"
              >
                <div
                  className="font-weight-bold py-1"
                >
                  Snippets
                </div>
                <FormGroup
                  bsClass="form-group"
                  controlId="snippets"
                >
                  <div
                    className="form-group"
                  >
                    <select
                      className="form-control snippets-control"
                      onChange={[Function]}
                      value="enabled"
                    >
                      <option
                        key="enabled"
                        value="enabled"
                      >
                        Enabled
                      </option>
                      <option
                        key="disabled"
                        value="disabled"
                      >
                        Disabled
                      </option>
                    </select>
                  </div>
                </FormGroup>
              </div>
            </Col>
          </div>
        </Row>
      </div>
    </Grid>
  </EditorSettings>
</Connect(EditorSettings)>
`;
