// Jest Snapshot v1, https://goo.gl/fbAQLP

exports[`Leaderboard Container Should render Leaderboard 1`] = `
<Leaderboard
  clearLeaderboard={[Function]}
  getLeaderboard={[Function]}
  getLeaderboardByDivAndType={[Function]}
  getLeaderboardByDivType={[Function]}
  getLeaderboardByUserType={[Function]}
  getLeaderboardByUsername={[Function]}
  getTimer={[Function]}
  loading={false}
  players={Array []}
  runMatch={[Function]}
  setTimer={[Function]}
  timerData={0}
  username=""
/>
`;
