// Jest Snapshot v1, https://goo.gl/fbAQLP

exports[`MatchView Container Should render 1`] = `
<Connect(Match)>
  <Match
    currentUsername=""
    getGameLogs={[Function]}
    getMatches={[Function]}
    getTopMatches={[Function]}
    loading={true}
    matches={Array []}
    topMatches={Array []}
  >
    <Grid
      bsClass="container"
      className=""
      componentClass="div"
      fluid={true}
    >
      <div
        className="container-fluid"
      >
        <Row
          bsClass="row"
          className="justify-content-between py-2 px-3"
          componentClass="div"
        >
          <div
            className="justify-content-between py-2 px-3 row"
          >
            <Col
              bsClass="col"
              className="text-light font-weight-bold my-auto"
              componentClass="div"
            >
              <div
                className="text-light font-weight-bold my-auto"
              >
                MATCHES
              </div>
            </Col>
          </div>
        </Row>
        <Row
          bsClass="row"
          componentClass="div"
        >
          <div
            className="row"
          >
            <div
              className="col d-flex justify-content-center mb-3"
            >
              <button
                className="undefined"
                onClick={[Function]}
              >
                 
                My Matches
                 
              </button>
            </div>
            <div
              className="col d-flex justify-content-center mb-3"
            >
              <button
                className=""
                onClick={[Function]}
              >
                 
                Top Matches
                 
              </button>
            </div>
          </div>
        </Row>
        <Row
          bsClass="row"
          className="mb-2"
          componentClass="div"
        >
          <div
            className="mb-2 row"
          >
            <div
              className="ml-5"
            >
               Nothing to show 
            </div>
          </div>
        </Row>
      </div>
    </Grid>
  </Match>
</Connect(Match)>
`;
